>>> BaseGeometry = __import__('7-base_geometry').BaseGeometry

>>> bg = BaseGeometry()

>>> bg.integer_validator("my_int", 12)

>>> bg.integer_validator("my_int", (5, 3))
Traceback (most recent call last):
  ...
TypeError: my_int must be an integer

>>> bg.integer_validator("height", "100")
Traceback (most recent call last):
  ...
TypeError: height must be an integer

>>> bg.integer_validator("depth", None)
Traceback (most recent call last):
  ...
TypeError: depth must be an integer

>>> bg.integer_validator("ratio", 3.14)
Traceback (most recent call last):
  ...
TypeError: ratio must be an integer

>>> bg.integer_validator("active", True)
Traceback (most recent call last):
  ...
TypeError: active must be an integer

>>> bg.integer_validator("age", 0)
Traceback (most recent call last):
  ...
ValueError: age must be greater than 0

>>> bg.integer_validator("distance", -100)
Traceback (most recent call last):
  ...
ValueError: distance must be greater than 0

>>> bg.integer_validator("score", -1)
Traceback (most recent call last):
  ...
ValueError: score must be greater than 0
